[0m12:53:31.787513 [debug] [MainThread]: Sending event: {'category': 'dbt', 'action': 'invocation', 'label': 'start', 'context': [<snowplow_tracker.self_describing_json.SelfDescribingJson object at 0x000002A566100E90>, <snowplow_tracker.self_describing_json.SelfDescribingJson object at 0x000002A56968F620>, <snowplow_tracker.self_describing_json.SelfDescribingJson object at 0x000002A56968F740>]}


============================== 12:53:31.802152 | 79ace18f-7ad9-40b7-8540-363d93ee7d75 ==============================
[0m12:53:31.802152 [info ] [MainThread]: Running with dbt=1.12.5
[0m12:53:31.803104 [debug] [MainThread]: running dbt with arguments {'maximum_seed_size_mib': '1', 'no_print': 'None', 'version_check': 'True', 'target_path': 'None', 'warn_error_options': 'WarnErrorOptionsV2(error=[], warn=[], silence=[])', 'static_parser': 'True', 'printer_width': '80', 'write_json': 'True', 'empty': 'None', 'log_cache_events': 'False', 'introspect': 'True', 'cache_selected_only': 'False', 'log_format': 'default', 'debug': 'False', 'fail_fast': 'False', 'profiles_dir': 'C:\\Users\\DELL\\.dbt', 'send_anonymous_usage_stats': 'True', 'quiet': 'False', 'warn_error': 'None', 'partial_parse': 'True', 'use_colors': 'True', 'hints_enabled': 'True', 'invocation_command': 'dbt init', 'use_experimental_parser': 'False', 'indirect_selection': 'eager', 'log_path': 'logs'}
[0m12:53:47.583691 [debug] [MainThread]: Starter project path: D:\AWS_DBT_snowflake\.venv\Lib\site-packages\dbt\include\starter_project
[0m12:53:47.650151 [info ] [MainThread]: Setting up your profile.
[0m12:53:58.809543 [debug] [MainThread]: Snowflake adapter: Setting snowflake.connector to ERROR (file logging only)
[0m12:53:58.810549 [debug] [MainThread]: Snowflake adapter: Setting botocore to ERROR (file logging only)
[0m12:53:58.810549 [debug] [MainThread]: Snowflake adapter: Setting boto3 to ERROR (file logging only)
[0m13:31:25.112961 [info ] [MainThread]: Profile aws_dbt_snowflake_project written to C:\Users\DELL\.dbt\profiles.yml using target's profile_template.yml and your supplied values.
[0m13:31:25.140628 [info ] [MainThread]: Running dbt debug to validate the project...
[0m13:31:25.140628 [info ] [MainThread]: dbt version: 1.12.5
[0m13:31:25.140628 [info ] [MainThread]: python version: 3.12.6
[0m13:31:25.140628 [info ] [MainThread]: python path: D:\AWS_DBT_snowflake\.venv\Scripts\python.exe
[0m13:31:25.140628 [info ] [MainThread]: os info: Windows-11-10.0.26200-SP0
[0m13:31:25.295624 [info ] [MainThread]: Using profiles dir at C:\Users\DELL\.dbt
[0m13:31:25.295624 [info ] [MainThread]: Using profiles.yml file at C:\Users\DELL\.dbt\profiles.yml
[0m13:31:25.295624 [info ] [MainThread]: Using dbt_project.yml file at D:\AWS_DBT_snowflake\aws_dbt_snowflake_project\dbt_project.yml
[0m13:31:25.295624 [info ] [MainThread]: adapter type: snowflake
[0m13:31:25.304638 [info ] [MainThread]: adapter version: 1.12.1
[0m13:31:25.488753 [info ] [MainThread]: Configuration:
[0m13:31:25.494460 [info ] [MainThread]:   profiles.yml file [[32mOK found and valid[0m]
[0m13:31:25.494460 [info ] [MainThread]:   dbt_project.yml file [[32mOK found and valid[0m]
[0m13:31:25.495940 [info ] [MainThread]: Required dependencies:
[0m13:31:25.495940 [debug] [MainThread]: Executing "git --help"
[0m13:31:26.615840 [debug] [MainThread]: STDOUT: "b"usage: git [-v | --version] [-h | --help] [-C <path>] [-c <name>=<value>]\n           [--exec-path[=<path>]] [--html-path] [--man-path] [--info-path]\n           [-p | --paginate | -P | --no-pager] [--no-replace-objects] [--no-lazy-fetch]\n           [--no-optional-locks] [--no-advice] [--bare] [--git-dir=<path>]\n           [--work-tree=<path>] [--namespace=<name>] [--config-env=<name>=<envvar>]\n           <command> [<args>]\n\nThese are common Git commands used in various situations:\n\nstart a working area (see also: git help tutorial)\n   clone      Clone a repository into a new directory\n   init       Create an empty Git repository or reinitialize an existing one\n\nwork on the current change (see also: git help everyday)\n   add        Add file contents to the index\n   mv         Move or rename a file, a directory, or a symlink\n   restore    Restore working tree files\n   rm         Remove files from the working tree and from the index\n\nexamine the history and state (see also: git help revisions)\n   bisect     Use binary search to find the commit that introduced a bug\n   diff       Show changes between commits, commit and working tree, etc\n   grep       Print lines matching a pattern\n   log        Show commit logs\n   show       Show various types of objects\n   status     Show the working tree status\n\ngrow, mark and tweak your common history\n   backfill   Download missing objects in a partial clone\n   branch     List, create, or delete branches\n   commit     Record changes to the repository\n   history    EXPERIMENTAL: Rewrite history\n   merge      Join two or more development histories together\n   rebase     Reapply commits on top of another base tip\n   reset      Set `HEAD` or the index to a known state\n   switch     Switch branches\n   tag        Create, list, delete or verify tags\n\ncollaborate (see also: git help workflows)\n   fetch      Download objects and refs from another repository\n   pull       Fetch from and integrate with another repository or a local branch\n   push       Update remote refs along with associated objects\n\n'git help -a' and 'git help -g' list available subcommands and some\nconcept guides. See 'git help <command>' or 'git help <concept>'\nto read about a specific subcommand or concept.\nSee 'git help git' for an overview of the system.\n""
[0m13:31:26.615840 [debug] [MainThread]: STDERR: "b''"
[0m13:31:26.615840 [info ] [MainThread]:  - git [[32mOK found[0m]

[0m13:31:26.622739 [info ] [MainThread]: Connection:
[0m13:31:26.624240 [info ] [MainThread]:   account: JCANRHC-BJ19374
[0m13:31:26.624240 [info ] [MainThread]:   user: dbt_snow
[0m13:31:26.626578 [info ] [MainThread]:   database: COMPUTE_WH
[0m13:31:26.627113 [info ] [MainThread]:   warehouse: COMPUTE_WH
[0m13:31:26.627113 [info ] [MainThread]:   role: TRANSFORM
[0m13:31:26.627113 [info ] [MainThread]:   schema: dbt_schema
[0m13:31:26.631624 [info ] [MainThread]:   authenticator: None
[0m13:31:26.634254 [info ] [MainThread]:   oauth_client_id: None
[0m13:31:26.634254 [info ] [MainThread]:   query_tag: None
[0m13:31:26.636126 [info ] [MainThread]:   client_session_keep_alive: False
[0m13:31:26.636126 [info ] [MainThread]:   host: None
[0m13:31:26.638001 [info ] [MainThread]:   port: None
[0m13:31:26.639498 [info ] [MainThread]:   proxy_host: None
[0m13:31:26.639498 [info ] [MainThread]:   proxy_port: None
[0m13:31:26.639498 [info ] [MainThread]:   protocol: None
[0m13:31:26.643766 [info ] [MainThread]:   connect_retries: 1
[0m13:31:26.643766 [info ] [MainThread]:   connect_timeout: None
[0m13:31:26.644855 [info ] [MainThread]:   retry_on_database_errors: False
[0m13:31:26.646466 [info ] [MainThread]:   retry_all: False
[0m13:31:26.646466 [info ] [MainThread]:   insecure_mode: False
[0m13:31:26.648921 [info ] [MainThread]:   reuse_connections: True
[0m13:31:26.650939 [info ] [MainThread]:   s3_stage_vpce_dns_name: None
[0m13:31:26.650939 [info ] [MainThread]:   workload_identity_provider: None
[0m13:31:26.652852 [info ] [MainThread]:   workload_identity_entra_resource: None
[0m13:31:26.654824 [info ] [MainThread]:   platform_detection_timeout_seconds: 0.0
[0m13:31:26.655839 [info ] [MainThread]: Registered adapter: snowflake=1.12.1
[0m13:31:28.152761 [debug] [MainThread]: Acquiring new snowflake connection 'debug'
[0m13:31:28.165004 [debug] [MainThread]: Using snowflake connection "debug"
[0m13:31:28.166620 [debug] [MainThread]: On debug: select 1 as id
[0m13:31:28.166620 [debug] [MainThread]: Opening a new connection, currently in state init
[0m13:31:30.260026 [debug] [MainThread]: SQL status: SUCCESS 1 in 2.094 seconds
[0m13:31:30.265122 [info ] [MainThread]:   Connection test: [[32mOK connection ok[0m]

[0m13:31:30.266181 [info ] [MainThread]: [32mAll checks passed![0m
[0m13:31:30.267717 [info ] [MainThread]: Your new dbt project "aws_dbt_snowflake_project" was created!
Initialized new project in D:\AWS_DBT_snowflake\aws_dbt_snowflake_project\aws_dbt_snowflake_project

For more information on how to configure the profiles.yml file,
please consult the dbt documentation here:

  https://docs.getdbt.com/docs/configure-your-profile

One more thing:

Need help? Don't hesitate to reach out to us via GitHub issues or on Slack:

  https://community.getdbt.com/

Happy modeling!

[0m13:31:30.275949 [debug] [MainThread]: Command `dbt init` succeeded at 13:31:30.272564 after 2278.74 seconds
[0m13:31:30.275949 [debug] [MainThread]: Connection 'debug' was left open.
[0m13:31:30.275949 [debug] [MainThread]: On debug: Close
[0m13:31:30.561544 [debug] [MainThread]: Sending event: {'category': 'dbt', 'action': 'invocation', 'label': 'end', 'context': [<snowplow_tracker.self_describing_json.SelfDescribingJson object at 0x000002A566100E90>, <snowplow_tracker.self_describing_json.SelfDescribingJson object at 0x000002A56B793B30>, <snowplow_tracker.self_describing_json.SelfDescribingJson object at 0x000002A56B4568A0>]}
[0m13:31:30.561544 [debug] [MainThread]: Flushing usage events
[0m13:31:32.196554 [debug] [MainThread]: An error was encountered while trying to flush usage events
